// Jest Snapshot v1, https://goo.gl/fbAQLP

exports[`matches snapshot 1`] = `
<DocumentFragment>
  <div
    class="Profile"
  >
    <div
      class="container col-md-6 offset-md-3 col-lg-4 offset-lg-4"
    >
      <div
        class="card"
      >
        <div
          class="card-body"
        >
          <h3
            class="card-title text-center mb-4"
          >
            Profile
          </h3>
          <form>
            <div
              class="form-group"
            >
              <label>
                First Name
              </label>
              <input
                class="form-control"
                name="first_name"
                value="test_first"
              />
            </div>
            <div
              class="form-group"
            >
              <label>
                Last Name
              </label>
              <input
                class="form-control"
                name="last_name"
                value="test_last"
              />
            </div>
            <div
              class="form-group"
            >
              <label>
                Email
              </label>
              <input
                class="form-control"
                name="email"
                value="test@mail.com"
              />
            </div>
            <div
              class="form-group"
            >
              <label>
                Photo URL
              </label>
              <input
                class="form-control"
                name="photo_url"
                value=""
              />
            </div>
            <div
              class="form-group"
            >
              <label>
                Confirm password to make changes:
              </label>
              <input
                class="form-control"
                name="password"
                type="password"
                value=""
              />
            </div>
            <button
              class="btn btn-primary float-right"
            >
              Save Changes
            </button>
          </form>
        </div>
      </div>
    </div>
  </div>
</DocumentFragment>
`;
