// Jest Snapshot v1, https://goo.gl/fbAQLP

exports[`matches snapshot 1`] = `
<DocumentFragment>
  <div
    class="SearchBar mb-4"
  >
    <form
      class="form-inline"
    >
      <div
        class="input-group flex-grow-1"
      >
        <input
          class="form-control form-control-lg"
          name="search"
          placeholder="Search.."
          type="text"
          value=""
        />
        <div
          class="input-group-append input-group-btn"
        >
          <button
            class="btn btn-lg btn-primary"
          >
            Submit
          </button>
        </div>
      </div>
    </form>
  </div>
</DocumentFragment>
`;
